// Jest Snapshot v1, https://goo.gl/fbAQLP

exports[`Component: List should render 1`] = `
<RCTScrollView
  disableVirtualization={false}
  getItem={[Function]}
  getItemCount={[Function]}
  horizontal={false}
  initialNumToRender={10}
  invertStickyHeaders={undefined}
  items={
    Array [
      Object {
        "title": "List Item 1",
      },
      Object {
        "title": "List Item 2",
      },
      Object {
        "title": "List Item 3",
      },
      Object {
        "title": "List Item 4",
      },
    ]
  }
  keyExtractor={[Function]}
  maxToRenderPerBatch={10}
  numColumns={1}
  onContentSizeChange={[Function]}
  onEndReachedThreshold={2}
  onLayout={[Function]}
  onMomentumScrollEnd={[Function]}
  onScroll={[Function]}
  onScrollBeginDrag={[Function]}
  onScrollEndDrag={[Function]}
  renderItem={[Function]}
  scrollEventThrottle={50}
  stickyHeaderIndices={Array []}
  updateCellsBatchingPeriod={50}
  viewabilityConfigCallbackPairs={Array []}
  windowSize={21}
>
  <View />
</RCTScrollView>
`;
