// Jest Snapshot v1, https://goo.gl/fbAQLP

exports[`AuthScreen renders without crashing 1`] = `
<View
  style={
    Object {
      "alignSelf": "stretch",
      "display": "flex",
      "flex": 1,
      "justifyContent": "center",
      "width": null,
    }
  }
>
  <View
    style={
      Object {
        "alignItems": "center",
      }
    }
  >
    <View
      style={
        Object {
          "alignSelf": "stretch",
          "borderColor": "#fff",
          "borderWidth": 1,
          "margin": 20,
          "marginBottom": 0,
          "padding": 20,
          "paddingBottom": 10,
        }
      }
    >
      <TextInput
        allowFontScaling={true}
        onChangeText={[Function]}
        placeholder="email"
        style={
          Object {
            "backgroundColor": "rgba(255,255,255,1)",
            "fontSize": 16,
            "height": 40,
            "marginBottom": 10,
            "padding": 10,
          }
        }
        value=""
      />
      <TextInput
        allowFontScaling={true}
        onChangeText={[Function]}
        placeholder="password"
        secureTextEntry={true}
        style={
          Object {
            "backgroundColor": "rgba(255,255,255,1)",
            "fontSize": 16,
            "height": 40,
            "marginBottom": 10,
            "padding": 10,
          }
        }
        value=""
      />
    </View>
    <View
      accessibilityComponentType={undefined}
      accessibilityLabel={undefined}
      accessibilityTraits={undefined}
      accessible={true}
      collapsable={undefined}
      hasTVPreferredFocus={undefined}
      hitSlop={undefined}
      isTVSelectable={true}
      nativeID={undefined}
      onLayout={undefined}
      onResponderGrant={[Function]}
      onResponderMove={[Function]}
      onResponderRelease={[Function]}
      onResponderTerminate={[Function]}
      onResponderTerminationRequest={[Function]}
      onStartShouldSetResponder={[Function]}
      style={
        Object {
          "alignSelf": "stretch",
          "backgroundColor": "rgba(255,255,255,1)",
          "borderColor": "#fff",
          "borderWidth": 1,
          "margin": 20,
          "opacity": 1,
          "padding": 20,
        }
      }
      testID={undefined}
      tvParallaxProperties={undefined}
    >
      <Text
        accessible={true}
        allowFontScaling={true}
        ellipsizeMode="tail"
        style={
          Object {
            "fontSize": 16,
            "textAlign": "center",
          }
        }
      >
        Login
      </Text>
    </View>
  </View>
</View>
`;
